08:42:20 **** Incremental Build of configuration Debug for project first1 ****
make -j4 all 
arm-none-eabi-gcc "../Core/Src/main.c" -mcpu=cortex-m7 -std=gnu11 -g3 -DDEBUG -DUSE_HAL_DRIVER -DSTM32F767xx -c -I../Core/Inc -I../Drivers/STM32F7xx_HAL_Driver/Inc -I../Drivers/STM32F7xx_HAL_Driver/Inc/Legacy -I../Drivers/CMSIS/Device/ST/STM32F7xx/Include -I../Drivers/CMSIS/Include -O0 -ffunction-sections -fdata-sections -Wall -fstack-usage -fcyclomatic-complexity -MMD -MP -MF"Core/Src/main.d" -MT"Core/Src/main.o" --specs=nano.specs -mfpu=fpv5-d16 -mfloat-abi=hard -mthumb -o "Core/Src/main.o"
arm-none-eabi-gcc -o "first1.elf" @"objects.list"   -mcpu=cortex-m7 -T"C:\STM_proj\first1\STM32F767ZITX_FLASH.ld" --specs=nosys.specs -Wl,-Map="first1.map" -Wl,--gc-sections -static --specs=nano.specs -mfpu=fpv5-d16 -mfloat-abi=hard -mthumb -Wl,--start-group -lc -lm -Wl,--end-group
Finished building target: first1.elf
 
arm-none-eabi-size  first1.elf 
arm-none-eabi-objdump -h -S first1.elf  > "first1.list"
   text	   data	    bss	    dec	    hex	filename
  16176	    332	   3236	  19744	   4d20	first1.elf
Finished building: default.size.stdout
 
Finished building: first1.list
 

08:42:21 Build Finished. 0 errors, 0 warnings. (took 1s.448ms)

